® жи »@Жё» @Р д bdf® жи »@Жё» @Р д EV7GVF4цFVДV'V#3EV7GVF4цFVДV'V*≤є:≤2°Ј2≤$≤9≤ШЩ*≤є:≤2°Ј2≤$≤9≤